// Jest Snapshot v1, https://goo.gl/fbAQLP

exports[`App App Component should match the snapshot 1`] = `
<div
  className="App"
>
  <header
    className="header-container"
  >
    <NavLink
      activeClassName="active"
      aria-current="page"
      className="logo"
      to="/"
    >
      <img
        alt="An icon of Wes Anderson's face"
        className="logo-icon"
        src="wes.png"
      />
      <h1>
        WesTracker
      </h1>
    </NavLink>
    <Nav
      userLoggedIn={false}
    />
  </header>
  <Route
    component={[Function]}
    exact={true}
    path="/"
  />
  <Route
    component={[Function]}
    exact={true}
    path="/login"
  />
</div>
`;
