// Jest Snapshot v1, https://goo.gl/fbAQLP

exports[`Nav should match the snapshot 1`] = `
<nav>
  <NavLink
    activeClassName="active"
    aria-current="page"
    to="/favorites"
  >
    <div
      className="fav-btn"
    >
      <span
        className="num-favs"
      >
        0
      </span>
    </div>
  </NavLink>
  <NavLink
    activeClassName="active"
    aria-current="page"
    className="login-btn"
    to="/login"
  >
    <img
      className="login-icon"
      src=""
    />
    <p
      className="login-text"
    />
  </NavLink>
</nav>
`;
